../Core/Src/main.c:89:5:main	8	static
../Core/Src/main.c:142:6:SystemClock_Config	88	static
../Core/Src/main.c:192:13:MX_I2C1_Init	8	static
../Core/Src/main.c:240:13:MX_SPI1_Init	8	static
../Core/Src/main.c:280:13:MX_UART4_Init	8	static
../Core/Src/main.c:315:13:MX_USART3_UART_Init	8	static
../Core/Src/main.c:350:13:MX_USART6_UART_Init	8	static
../Core/Src/main.c:385:13:MX_USB_OTG_FS_PCD_Init	8	static
../Core/Src/main.c:418:13:MX_DMA_Init	16	static
../Core/Src/main.c:458:13:MX_GPIO_Init	56	static
../Core/Src/main.c:520:6:Error_Handler	4	static,ignoring_inline_asm
