../Drivers/CMSIS/Include/core_cm7.h:2229:22:SCB_EnableICache	4	static,ignoring_inline_asm
../Drivers/CMSIS/Include/core_cm7.h:2281:22:SCB_EnableDCache	24	static,ignoring_inline_asm
../Core/Src/main.c:81:5:main	8	static
../Core/Src/main.c:138:6:SystemClock_Config	88	static
../Core/Src/main.c:188:13:MX_I2C1_Init	8	static
../Core/Src/main.c:236:13:MX_LPTIM1_Init	8	static
../Core/Src/main.c:270:13:MX_SPI1_Init	8	static
../Core/Src/main.c:310:13:MX_UART4_Init	8	static
../Core/Src/main.c:345:13:MX_USART3_UART_Init	8	static
../Core/Src/main.c:380:13:MX_USB_OTG_FS_PCD_Init	8	static
../Core/Src/main.c:415:13:MX_GPIO_Init	56	static
../Core/Src/main.c:496:6:Error_Handler	4	static,ignoring_inline_asm
